// Jest Snapshot v1, https://goo.gl/fbAQLP

exports[`load-query handles a file with recursive #import statements 1`] = `
"CCC
CCC
CCC
DDD
DDD
DDD
BBB
BBB
BBB
AAA
AAA
AAA"
`;
